> Task :app:checkKotlinGradlePluginConfigurationErrors
> Task :app:preBuild UP-TO-DATE
> Task :app:preDebugBuild UP-TO-DATE
> Task :app:checkDebugAarMetadata UP-TO-DATE
> Task :app:generateDebugResValues UP-TO-DATE
> Task :app:mapDebugSourceSetPaths UP-TO-DATE
> Task :app:generateDebugResources UP-TO-DATE
> Task :app:mergeDebugResources UP-TO-DATE
> Task :app:packageDebugResources UP-TO-DATE
> Task :app:parseDebugLocalResources UP-TO-DATE
> Task :app:createDebugCompatibleScreenManifests UP-TO-DATE
> Task :app:extractDeepLinksDebug UP-TO-DATE
> Task :app:processDebugMainManifest UP-TO-DATE
> Task :app:processDebugManifest UP-TO-DATE
> Task :app:processDebugManifestForPackage UP-TO-DATE
> Task :app:processDebugResources UP-TO-DATE
> Task :app:javaPreCompileDebug UP-TO-DATE
> Task :app:mergeDebugShaders UP-TO-DATE
> Task :app:compileDebugShaders NO-SOURCE
> Task :app:generateDebugAssets UP-TO-DATE
> Task :app:mergeDebugAssets UP-TO-DATE
> Task :app:compressDebugAssets UP-TO-DATE
> Task :app:desugarDebugFileDependencies UP-TO-DATE
> Task :app:checkDebugDuplicateClasses UP-TO-DATE
> Task :app:mergeExtDexDebug UP-TO-DATE
> Task :app:mergeLibDexDebug UP-TO-DATE
> Task :app:mergeDebugJniLibFolders UP-TO-DATE
> Task :app:mergeDebugNativeLibs NO-SOURCE
> Task :app:stripDebugDebugSymbols NO-SOURCE
> Task :app:validateSigningDebug UP-TO-DATE
> Task :app:writeDebugAppMetadata UP-TO-DATE
> Task :app:writeDebugSigningConfigVersions UP-TO-DATE
> Task :app:preDebugAndroidTestBuild SKIPPED
> Task :app:checkDebugAndroidTestAarMetadata
> Task :app:generateDebugAndroidTestResValues
> Task :app:mapDebugAndroidTestSourceSetPaths
> Task :app:generateDebugAndroidTestResources
> Task :app:processDebugAndroidTestManifest
> Task :app:javaPreCompileDebugAndroidTest
> Task :app:mergeDebugAndroidTestShaders
> Task :app:compileDebugAndroidTestShaders NO-SOURCE
> Task :app:generateDebugAndroidTestAssets UP-TO-DATE
> Task :app:mergeDebugAndroidTestAssets
> Task :app:compressDebugAndroidTestAssets
> Task :app:desugarDebugAndroidTestFileDependencies
> Task :app:mergeDebugAndroidTestResources
> Task :app:checkDebugAndroidTestDuplicateClasses
> Task :app:processDebugAndroidTestResources
> Task :app:kspDebugKotlin
> Task :app:mergeDebugAndroidTestJniLibFolders
> Task :app:mergeLibDexDebugAndroidTest
> Task :app:mergeDebugAndroidTestNativeLibs NO-SOURCE
> Task :app:stripDebugAndroidTestDebugSymbols NO-SOURCE
> Task :app:validateSigningDebugAndroidTest
> Task :app:writeDebugAndroidTestSigningConfigVersions
> Task :app:mergeExtDexDebugAndroidTest
> Task :app:compileDebugKotlin
> Task :app:compileDebugJavaWithJavac
> Task :app:hiltAggregateDepsDebug

> Task :app:hiltJavaCompileDebug
Note: /Users/carloscabral/AndroidStudioProjects/CarteiraDoCabral/app/build/generated/hilt/component_sources/debug/com/example/carteiradocabral/Hilt_CarteiraApp.java uses or overrides a deprecated API.
Note: Recompile with -Xlint:deprecation for details.

> Task :app:processDebugJavaRes
> Task :app:bundleDebugClassesToCompileJar
> Task :app:transformDebugClassesWithAsm
> Task :app:dexBuilderDebug
> Task :app:mergeDebugGlobalSynthetics UP-TO-DATE
> Task :app:mergeProjectDexDebug
> Task :app:mergeDebugJavaResource
> Task :app:packageDebug
> Task :app:createDebugApkListingFileRedirect UP-TO-DATE
> Task :app:kspDebugAndroidTestKotlin
> Task :app:compileDebugAndroidTestKotlin
> Task :app:compileDebugAndroidTestJavaWithJavac NO-SOURCE
> Task :app:hiltAggregateDepsDebugAndroidTest
> Task :app:hiltJavaCompileDebugAndroidTest NO-SOURCE
> Task :app:processDebugAndroidTestJavaRes
> Task :app:transformDebugAndroidTestClassesWithAsm
> Task :app:dexBuilderDebugAndroidTest
> Task :app:mergeDebugAndroidTestGlobalSynthetics
> Task :app:mergeProjectDexDebugAndroidTest
> Task :app:mergeDebugAndroidTestJavaResource
> Task :app:packageDebugAndroidTest
> Task :app:createDebugAndroidTestApkListingFileRedirect

> Task :app:connectedDebugAndroidTest
Starting 3 tests on Pixel_10(AVD) - 16

> Task :app:connectedAndroidTest

[Incubating] Problems report is available at: file:///Users/carloscabral/AndroidStudioProjects/CarteiraDoCabral/build/reports/problems/problems-report.html

Deprecated Gradle features were used in this build, making it incompatible with Gradle 10.

You can use '--warning-mode all' to show the individual deprecation warnings and determine if they come from your own scripts or plugins.

For more on this, please refer to https://docs.gradle.org/9.2.1/userguide/command_line_interface.html#sec:command_line_warnings in the Gradle documentation.

BUILD SUCCESSFUL in 41s
70 actionable tasks: 43 executed, 27 up-to-date
Consider enabling configuration cache to speed up this build: https://docs.gradle.org/9.2.1/userguide/configuration_cache_enabling.html
